Error Logs 
[2026-06-06 02:22:33] Uncaught Exception: Class "Core\Cache" not found
File: C:\xampp\htdocs\zimsecexammate\index.php:23
Trace:
#0 {main}

[2026-06-06 02:22:55] Uncaught Exception: Class "Core\Cache" not found
File: C:\xampp\htdocs\zimsecexammate\index.php:23
Trace:
#0 {main}

[2026-06-06 02:22:56] Uncaught Exception: Class "Core\Cache" not found
File: C:\xampp\htdocs\zimsecexammate\index.php:23
Trace:
#0 {main}

[2026-06-06 02:22:56] Uncaught Exception: Class "Core\Cache" not found
File: C:\xampp\htdocs\zimsecexammate\index.php:23
Trace:
#0 {main}

[2026-06-06 02:22:56] Uncaught Exception: Class "Core\Cache" not found
File: C:\xampp\htdocs\zimsecexammate\index.php:23
Trace:
#0 {main}

[2026-06-06 02:23:14] Uncaught Exception: Class "Core\Cache" not found
File: C:\xampp\htdocs\zimsecexammate\index.php:23
Trace:
#0 {main}

[2026-06-06 02:23:17] Uncaught Exception: Class "Core\Cache" not found
File: C:\xampp\htdocs\zimsecexammate\index.php:23
Trace:
#0 {main}

[2026-06-06 02:23:21] Uncaught Exception: Class "Core\Cache" not found
File: C:\xampp\htdocs\zimsecexammate\index.php:23
Trace:
#0 {main}

[2026-06-06 02:42:18] Uncaught Exception: Class "Core\Cache" not found
File: C:\xampp\htdocs\zimsecexammate\index.php:23
Trace:
#0 {main}

[2026-06-06 02:44:05] Uncaught Exception: Class "Core\Cache" not found
File: C:\xampp\htdocs\zimsecexammate\index.php:23
Trace:
#0 {main}

[2026-06-06 02:44:20] Uncaught Exception: Class "Core\Cache" not found
File: C:\xampp\htdocs\zimsecexammate\index.php:23
Trace:
#0 {main}

[2026-06-06 02:44:23] Uncaught Exception: Class "Core\Cache" not found
File: C:\xampp\htdocs\zimsecexammate\index.php:23
Trace:
#0 {main}

[2026-06-06 02:44:24] Uncaught Exception: Class "Core\Cache" not found
File: C:\xampp\htdocs\zimsecexammate\index.php:23
Trace:
#0 {main}

[2026-06-06 02:44:24] Uncaught Exception: Class "Core\Cache" not found
File: C:\xampp\htdocs\zimsecexammate\index.php:23
Trace:
#0 {main}

[2026-06-06 02:44:24] Uncaught Exception: Class "Core\Cache" not found
File: C:\xampp\htdocs\zimsecexammate\index.php:23
Trace:
#0 {main}

[2026-06-06 02:50:08] Uncaught Exception: Class "Core\Cache" not found
File: C:\xampp\htdocs\zimsecexammate\index.php:23
Trace:
#0 {main}

[2026-06-06 02:50:09] Uncaught Exception: Class "Core\Cache" not found
File: C:\xampp\htdocs\zimsecexammate\index.php:23
Trace:
#0 {main}

[2026-06-06 02:50:09] Uncaught Exception: Class "Core\Cache" not found
File: C:\xampp\htdocs\zimsecexammate\index.php:23
Trace:
#0 {main}

[2026-06-06 02:50:09] Uncaught Exception: Class "Core\Cache" not found
File: C:\xampp\htdocs\zimsecexammate\index.php:23
Trace:
#0 {main}

[2026-06-06 02:50:10] Uncaught Exception: Class "Core\Cache" not found
File: C:\xampp\htdocs\zimsecexammate\index.php:23
Trace:
#0 {main}

[2026-06-06 02:50:11] Uncaught Exception: Class "Core\Cache" not found
File: C:\xampp\htdocs\zimsecexammate\index.php:23
Trace:
#0 {main}

[2026-06-06 02:52:23] Uncaught Exception: Class "Core\Cache" not found
File: C:\xampp\htdocs\zimsecexammate\index.php:23
Trace:
#0 {main}

[2026-06-06 02:52:24] Uncaught Exception: Class "Core\Cache" not found
File: C:\xampp\htdocs\zimsecexammate\index.php:23
Trace:
#0 {main}

[2026-06-06 02:57:34] Undefined array key "level" in C:\xampp\htdocs\zimsecexammate\core\Search.php:34
[2026-06-06 02:57:34] Undefined array key "level" in C:\xampp\htdocs\zimsecexammate\core\Search.php:34
[06-Jun-2026 03:02:22 Africa/Harare] PHP Fatal error:  Uncaught Error: Class "Core\Config" not found in C:\xampp\htdocs\zimsecexammate\core\App.php:34
Stack trace:
#0 C:\xampp\htdocs\zimsecexammate\search.php(7): appInit()
#1 {main}
  thrown in C:\xampp\htdocs\zimsecexammate\core\App.php on line 34
[06-Jun-2026 03:02:23 Africa/Harare] PHP Fatal error:  Uncaught Error: Class "Core\Config" not found in C:\xampp\htdocs\zimsecexammate\core\App.php:34
Stack trace:
#0 C:\xampp\htdocs\zimsecexammate\search.php(7): appInit()
#1 {main}
  thrown in C:\xampp\htdocs\zimsecexammate\core\App.php on line 34
[06-Jun-2026 03:02:24 Africa/Harare] PHP Fatal error:  Uncaught Error: Class "Core\Config" not found in C:\xampp\htdocs\zimsecexammate\core\App.php:34
Stack trace:
#0 C:\xampp\htdocs\zimsecexammate\search.php(7): appInit()
#1 {main}
  thrown in C:\xampp\htdocs\zimsecexammate\core\App.php on line 34
[06-Jun-2026 03:02:25 Africa/Harare] PHP Fatal error:  Uncaught Error: Class "Core\Config" not found in C:\xampp\htdocs\zimsecexammate\core\App.php:34
Stack trace:
#0 C:\xampp\htdocs\zimsecexammate\search.php(7): appInit()
#1 {main}
  thrown in C:\xampp\htdocs\zimsecexammate\core\App.php on line 34
[06-Jun-2026 03:02:27 Africa/Harare] PHP Fatal error:  Uncaught Error: Class "Core\Config" not found in C:\xampp\htdocs\zimsecexammate\core\App.php:34
Stack trace:
#0 C:\xampp\htdocs\zimsecexammate\search.php(7): appInit()
#1 {main}
  thrown in C:\xampp\htdocs\zimsecexammate\core\App.php on line 34
[06-Jun-2026 03:02:44 Africa/Harare] PHP Fatal error:  Uncaught Error: Class "Core\Config" not found in C:\xampp\htdocs\zimsecexammate\core\App.php:34
Stack trace:
#0 C:\xampp\htdocs\zimsecexammate\search.php(7): appInit()
#1 {main}
  thrown in C:\xampp\htdocs\zimsecexammate\core\App.php on line 34
[06-Jun-2026 03:02:56 Africa/Harare] PHP Fatal error:  Uncaught Error: Class "Core\Config" not found in C:\xampp\htdocs\zimsecexammate\core\App.php:34
Stack trace:
#0 C:\xampp\htdocs\zimsecexammate\index.php(11): appInit()
#1 {main}
  thrown in C:\xampp\htdocs\zimsecexammate\core\App.php on line 34
[06-Jun-2026 03:02:57 Africa/Harare] PHP Fatal error:  Uncaught Error: Class "Core\Config" not found in C:\xampp\htdocs\zimsecexammate\core\App.php:34
Stack trace:
#0 C:\xampp\htdocs\zimsecexammate\index.php(11): appInit()
#1 {main}
  thrown in C:\xampp\htdocs\zimsecexammate\core\App.php on line 34
[06-Jun-2026 03:03:00 Africa/Harare] PHP Fatal error:  Uncaught Error: Class "Core\Config" not found in C:\xampp\htdocs\zimsecexammate\core\App.php:34
Stack trace:
#0 C:\xampp\htdocs\zimsecexammate\index.php(11): appInit()
#1 {main}
  thrown in C:\xampp\htdocs\zimsecexammate\core\App.php on line 34
[2026-06-06 04:01:12] include(C:\xampp\htdocs\zimsecexammate\upload../templates/layout.php): Failed to open stream: No such file or directory in C:\xampp\htdocs\zimsecexammate\upload\index.php:59
[2026-06-06 04:01:12] include(): Failed opening 'C:\xampp\htdocs\zimsecexammate\upload../templates/layout.php' for inclusion (include_path='C:\xampp\php\PEAR') in C:\xampp\htdocs\zimsecexammate\upload\index.php:59
[2026-06-06 04:01:13] include(C:\xampp\htdocs\zimsecexammate\upload../templates/layout.php): Failed to open stream: No such file or directory in C:\xampp\htdocs\zimsecexammate\upload\index.php:59
[2026-06-06 04:01:13] include(): Failed opening 'C:\xampp\htdocs\zimsecexammate\upload../templates/layout.php' for inclusion (include_path='C:\xampp\php\PEAR') in C:\xampp\htdocs\zimsecexammate\upload\index.php:59
[2026-06-06 04:01:17] include(C:\xampp\htdocs\zimsecexammate\upload../templates/layout.php): Failed to open stream: No such file or directory in C:\xampp\htdocs\zimsecexammate\upload\index.php:59
[2026-06-06 04:01:17] include(): Failed opening 'C:\xampp\htdocs\zimsecexammate\upload../templates/layout.php' for inclusion (include_path='C:\xampp\php\PEAR') in C:\xampp\htdocs\zimsecexammate\upload\index.php:59
[2026-06-11 18:33:41] include(): open_basedir restriction in effect. File(/home/vol7_3/infinityfree.com/if0_40609343/zimsecexammate.xo.je/htdocs/../templates/breadcrumb.php) is not within the allowed path(s): (/php_sessions:/home/uploads:/tmp:/var/www/errors:/home/vol7_3/infinityfree.com/if0_40609343/zimsecexammate.xo.je/htdocs) in /home/vol7_3/infinityfree.com/if0_40609343/zimsecexammate.xo.je/htdocs/uploadindex.php:19
[2026-06-11 18:33:41] include(/home/vol7_3/infinityfree.com/if0_40609343/zimsecexammate.xo.je/htdocs/../templates/breadcrumb.php): Failed to open stream: Operation not permitted in /home/vol7_3/infinityfree.com/if0_40609343/zimsecexammate.xo.je/htdocs/uploadindex.php:19
[2026-06-11 18:33:41] include(): open_basedir restriction in effect. File(/home/vol7_3/infinityfree.com/if0_40609343/zimsecexammate.xo.je/htdocs/../templates/breadcrumb.php) is not within the allowed path(s): (/php_sessions:/home/uploads:/tmp:/var/www/errors:/home/vol7_3/infinityfree.com/if0_40609343/zimsecexammate.xo.je/htdocs) in /home/vol7_3/infinityfree.com/if0_40609343/zimsecexammate.xo.je/htdocs/uploadindex.php:19
[2026-06-11 18:33:41] include(/home/vol7_3/infinityfree.com/if0_40609343/zimsecexammate.xo.je/htdocs/../templates/breadcrumb.php): Failed to open stream: Operation not permitted in /home/vol7_3/infinityfree.com/if0_40609343/zimsecexammate.xo.je/htdocs/uploadindex.php:19
[2026-06-11 18:33:41] include(): Failed opening '/home/vol7_3/infinityfree.com/if0_40609343/zimsecexammate.xo.je/htdocs/../templates/breadcrumb.php' for inclusion (include_path='.:/usr/share/pear/') in /home/vol7_3/infinityfree.com/if0_40609343/zimsecexammate.xo.je/htdocs/uploadindex.php:19
[2026-06-11 18:33:41] include(): open_basedir restriction in effect. File(/home/vol7_3/infinityfree.com/if0_40609343/zimsecexammate.xo.je/htdocs/../templates/upload-form.php) is not within the allowed path(s): (/php_sessions:/home/uploads:/tmp:/var/www/errors:/home/vol7_3/infinityfree.com/if0_40609343/zimsecexammate.xo.je/htdocs) in /home/vol7_3/infinityfree.com/if0_40609343/zimsecexammate.xo.je/htdocs/uploadindex.php:43
[2026-06-11 18:33:41] include(/home/vol7_3/infinityfree.com/if0_40609343/zimsecexammate.xo.je/htdocs/../templates/upload-form.php): Failed to open stream: Operation not permitted in /home/vol7_3/infinityfree.com/if0_40609343/zimsecexammate.xo.je/htdocs/uploadindex.php:43
[2026-06-11 18:33:41] include(): open_basedir restriction in effect. File(/home/vol7_3/infinityfree.com/if0_40609343/zimsecexammate.xo.je/htdocs/../templates/upload-form.php) is not within the allowed path(s): (/php_sessions:/home/uploads:/tmp:/var/www/errors:/home/vol7_3/infinityfree.com/if0_40609343/zimsecexammate.xo.je/htdocs) in /home/vol7_3/infinityfree.com/if0_40609343/zimsecexammate.xo.je/htdocs/uploadindex.php:43
[2026-06-11 18:33:41] include(/home/vol7_3/infinityfree.com/if0_40609343/zimsecexammate.xo.je/htdocs/../templates/upload-form.php): Failed to open stream: Operation not permitted in /home/vol7_3/infinityfree.com/if0_40609343/zimsecexammate.xo.je/htdocs/uploadindex.php:43
[2026-06-11 18:33:41] include(): Failed opening '/home/vol7_3/infinityfree.com/if0_40609343/zimsecexammate.xo.je/htdocs/../templates/upload-form.php' for inclusion (include_path='.:/usr/share/pear/') in /home/vol7_3/infinityfree.com/if0_40609343/zimsecexammate.xo.je/htdocs/uploadindex.php:43
[2026-06-11 18:33:41] include(): open_basedir restriction in effect. File(/home/vol7_3/infinityfree.com/if0_40609343/zimsecexammate.xo.je/htdocs/../templates/layout.php) is not within the allowed path(s): (/php_sessions:/home/uploads:/tmp:/var/www/errors:/home/vol7_3/infinityfree.com/if0_40609343/zimsecexammate.xo.je/htdocs) in /home/vol7_3/infinityfree.com/if0_40609343/zimsecexammate.xo.je/htdocs/uploadindex.php:50
[2026-06-11 18:33:41] include(/home/vol7_3/infinityfree.com/if0_40609343/zimsecexammate.xo.je/htdocs/../templates/layout.php): Failed to open stream: Operation not permitted in /home/vol7_3/infinityfree.com/if0_40609343/zimsecexammate.xo.je/htdocs/uploadindex.php:50
[2026-06-11 18:33:41] include(): open_basedir restriction in effect. File(/home/vol7_3/infinityfree.com/if0_40609343/zimsecexammate.xo.je/htdocs/../templates/layout.php) is not within the allowed path(s): (/php_sessions:/home/uploads:/tmp:/var/www/errors:/home/vol7_3/infinityfree.com/if0_40609343/zimsecexammate.xo.je/htdocs) in /home/vol7_3/infinityfree.com/if0_40609343/zimsecexammate.xo.je/htdocs/uploadindex.php:50
[2026-06-11 18:33:41] include(/home/vol7_3/infinityfree.com/if0_40609343/zimsecexammate.xo.je/htdocs/../templates/layout.php): Failed to open stream: Operation not permitted in /home/vol7_3/infinityfree.com/if0_40609343/zimsecexammate.xo.je/htdocs/uploadindex.php:50
[2026-06-11 18:33:41] include(): Failed opening '/home/vol7_3/infinityfree.com/if0_40609343/zimsecexammate.xo.je/htdocs/../templates/layout.php' for inclusion (include_path='.:/usr/share/pear/') in /home/vol7_3/infinityfree.com/if0_40609343/zimsecexammate.xo.je/htdocs/uploadindex.php:50
[2026-06-11 18:35:43] include(): open_basedir restriction in effect. File(/home/vol7_3/infinityfree.com/if0_40609343/zimsecexammate.xo.je/htdocs/../templates/layout.php) is not within the allowed path(s): (/php_sessions:/home/uploads:/tmp:/var/www/errors:/home/vol7_3/infinityfree.com/if0_40609343/zimsecexammate.xo.je/htdocs) in /home/vol7_3/infinityfree.com/if0_40609343/zimsecexammate.xo.je/htdocs/uploadindex.php:50
[2026-06-11 18:35:43] include(/home/vol7_3/infinityfree.com/if0_40609343/zimsecexammate.xo.je/htdocs/../templates/layout.php): Failed to open stream: Operation not permitted in /home/vol7_3/infinityfree.com/if0_40609343/zimsecexammate.xo.je/htdocs/uploadindex.php:50
[2026-06-11 18:35:43] include(): open_basedir restriction in effect. File(/home/vol7_3/infinityfree.com/if0_40609343/zimsecexammate.xo.je/htdocs/../templates/layout.php) is not within the allowed path(s): (/php_sessions:/home/uploads:/tmp:/var/www/errors:/home/vol7_3/infinityfree.com/if0_40609343/zimsecexammate.xo.je/htdocs) in /home/vol7_3/infinityfree.com/if0_40609343/zimsecexammate.xo.je/htdocs/uploadindex.php:50
[2026-06-11 18:35:43] include(/home/vol7_3/infinityfree.com/if0_40609343/zimsecexammate.xo.je/htdocs/../templates/layout.php): Failed to open stream: Operation not permitted in /home/vol7_3/infinityfree.com/if0_40609343/zimsecexammate.xo.je/htdocs/uploadindex.php:50
[2026-06-11 18:35:43] include(): Failed opening '/home/vol7_3/infinityfree.com/if0_40609343/zimsecexammate.xo.je/htdocs/../templates/layout.php' for inclusion (include_path='.:/usr/share/pear/') in /home/vol7_3/infinityfree.com/if0_40609343/zimsecexammate.xo.je/htdocs/uploadindex.php:50
[2026-06-11 18:35:47] include(): open_basedir restriction in effect. File(/home/vol7_3/infinityfree.com/if0_40609343/zimsecexammate.xo.je/htdocs/../templates/layout.php) is not within the allowed path(s): (/php_sessions:/home/uploads:/tmp:/var/www/errors:/home/vol7_3/infinityfree.com/if0_40609343/zimsecexammate.xo.je/htdocs) in /home/vol7_3/infinityfree.com/if0_40609343/zimsecexammate.xo.je/htdocs/uploadindex.php:50
[2026-06-11 18:35:47] include(/home/vol7_3/infinityfree.com/if0_40609343/zimsecexammate.xo.je/htdocs/../templates/layout.php): Failed to open stream: Operation not permitted in /home/vol7_3/infinityfree.com/if0_40609343/zimsecexammate.xo.je/htdocs/uploadindex.php:50
[2026-06-11 18:35:47] include(): open_basedir restriction in effect. File(/home/vol7_3/infinityfree.com/if0_40609343/zimsecexammate.xo.je/htdocs/../templates/layout.php) is not within the allowed path(s): (/php_sessions:/home/uploads:/tmp:/var/www/errors:/home/vol7_3/infinityfree.com/if0_40609343/zimsecexammate.xo.je/htdocs) in /home/vol7_3/infinityfree.com/if0_40609343/zimsecexammate.xo.je/htdocs/uploadindex.php:50
[2026-06-11 18:35:47] include(/home/vol7_3/infinityfree.com/if0_40609343/zimsecexammate.xo.je/htdocs/../templates/layout.php): Failed to open stream: Operation not permitted in /home/vol7_3/infinityfree.com/if0_40609343/zimsecexammate.xo.je/htdocs/uploadindex.php:50
[2026-06-11 18:35:47] include(): Failed opening '/home/vol7_3/infinityfree.com/if0_40609343/zimsecexammate.xo.je/htdocs/../templates/layout.php' for inclusion (include_path='.:/usr/share/pear/') in /home/vol7_3/infinityfree.com/if0_40609343/zimsecexammate.xo.je/htdocs/uploadindex.php:50
[2026-06-11 18:36:18] include(): open_basedir restriction in effect. File(/home/vol7_3/infinityfree.com/if0_40609343/zimsecexammate.xo.je/htdocs/../templates/layout.php) is not within the allowed path(s): (/php_sessions:/home/uploads:/tmp:/var/www/errors:/home/vol7_3/infinityfree.com/if0_40609343/zimsecexammate.xo.je/htdocs) in /home/vol7_3/infinityfree.com/if0_40609343/zimsecexammate.xo.je/htdocs/uploadindex.php:50
[2026-06-11 18:36:18] include(/home/vol7_3/infinityfree.com/if0_40609343/zimsecexammate.xo.je/htdocs/../templates/layout.php): Failed to open stream: Operation not permitted in /home/vol7_3/infinityfree.com/if0_40609343/zimsecexammate.xo.je/htdocs/uploadindex.php:50
[2026-06-11 18:36:18] include(): open_basedir restriction in effect. File(/home/vol7_3/infinityfree.com/if0_40609343/zimsecexammate.xo.je/htdocs/../templates/layout.php) is not within the allowed path(s): (/php_sessions:/home/uploads:/tmp:/var/www/errors:/home/vol7_3/infinityfree.com/if0_40609343/zimsecexammate.xo.je/htdocs) in /home/vol7_3/infinityfree.com/if0_40609343/zimsecexammate.xo.je/htdocs/uploadindex.php:50
[2026-06-11 18:36:18] include(/home/vol7_3/infinityfree.com/if0_40609343/zimsecexammate.xo.je/htdocs/../templates/layout.php): Failed to open stream: Operation not permitted in /home/vol7_3/infinityfree.com/if0_40609343/zimsecexammate.xo.je/htdocs/uploadindex.php:50
[2026-06-11 18:36:18] include(): Failed opening '/home/vol7_3/infinityfree.com/if0_40609343/zimsecexammate.xo.je/htdocs/../templates/layout.php' for inclusion (include_path='.:/usr/share/pear/') in /home/vol7_3/infinityfree.com/if0_40609343/zimsecexammate.xo.je/htdocs/uploadindex.php:50
[2026-06-11 18:36:28] include(): open_basedir restriction in effect. File(/home/vol7_3/infinityfree.com/if0_40609343/zimsecexammate.xo.je/htdocs/../templates/layout.php) is not within the allowed path(s): (/php_sessions:/home/uploads:/tmp:/var/www/errors:/home/vol7_3/infinityfree.com/if0_40609343/zimsecexammate.xo.je/htdocs) in /home/vol7_3/infinityfree.com/if0_40609343/zimsecexammate.xo.je/htdocs/uploadindex.php:50
[2026-06-11 18:36:28] include(/home/vol7_3/infinityfree.com/if0_40609343/zimsecexammate.xo.je/htdocs/../templates/layout.php): Failed to open stream: Operation not permitted in /home/vol7_3/infinityfree.com/if0_40609343/zimsecexammate.xo.je/htdocs/uploadindex.php:50
[2026-06-11 18:36:28] include(): open_basedir restriction in effect. File(/home/vol7_3/infinityfree.com/if0_40609343/zimsecexammate.xo.je/htdocs/../templates/layout.php) is not within the allowed path(s): (/php_sessions:/home/uploads:/tmp:/var/www/errors:/home/vol7_3/infinityfree.com/if0_40609343/zimsecexammate.xo.je/htdocs) in /home/vol7_3/infinityfree.com/if0_40609343/zimsecexammate.xo.je/htdocs/uploadindex.php:50
[2026-06-11 18:36:28] include(/home/vol7_3/infinityfree.com/if0_40609343/zimsecexammate.xo.je/htdocs/../templates/layout.php): Failed to open stream: Operation not permitted in /home/vol7_3/infinityfree.com/if0_40609343/zimsecexammate.xo.je/htdocs/uploadindex.php:50
[2026-06-11 18:36:28] include(): Failed opening '/home/vol7_3/infinityfree.com/if0_40609343/zimsecexammate.xo.je/htdocs/../templates/layout.php' for inclusion (include_path='.:/usr/share/pear/') in /home/vol7_3/infinityfree.com/if0_40609343/zimsecexammate.xo.je/htdocs/uploadindex.php:50
[2026-06-11 18:47:16] include(/home/vol7_3/infinityfree.com/if0_40609343/zimsecexammate.xo.je/htdocs/templates/header.php): Failed to open stream: No such file or directory in /home/vol7_3/infinityfree.com/if0_40609343/zimsecexammate.xo.je/htdocs/templates/layout.php:44
[2026-06-11 18:47:16] include(/home/vol7_3/infinityfree.com/if0_40609343/zimsecexammate.xo.je/htdocs/templates/header.php): Failed to open stream: No such file or directory in /home/vol7_3/infinityfree.com/if0_40609343/zimsecexammate.xo.je/htdocs/templates/layout.php:44
[2026-06-11 18:47:16] include(): Failed opening '/home/vol7_3/infinityfree.com/if0_40609343/zimsecexammate.xo.je/htdocs/templates/header.php' for inclusion (include_path='.:/usr/share/pear/') in /home/vol7_3/infinityfree.com/if0_40609343/zimsecexammate.xo.je/htdocs/templates/layout.php:44
